/app/src/test/java/com/yashmerino/ecommerce/kafka/PaymentEventListenerTest.java
/app/src/test/java/com/yashmerino/ecommerce/services/RefreshTokenServiceImplTest.java
/app/src/test/java/com/yashmerino/ecommerce/controllers/ProductControllerTest.java
/app/src/test/java/com/yashmerino/ecommerce/model/AuditingTest.java
/app/src/test/java/com/yashmerino/ecommerce/controllers/UserControllerTest.java
/app/src/test/java/com/yashmerino/ecommerce/security/SecurityTest.java
/app/src/test/java/com/yashmerino/ecommerce/kafka/PaymentEventProducerTest.java
/app/src/test/java/com/yashmerino/ecommerce/utils/Initializer.java
/app/src/test/java/com/yashmerino/ecommerce/services/ProductServiceImplTest.java
/app/src/test/java/com/yashmerino/ecommerce/services/PaymentServiceImplTest.java
/app/src/test/java/com/yashmerino/ecommerce/services/OrderServiceImplTest.java
/app/src/test/java/com/yashmerino/ecommerce/kafka/NotificationEventProducerTest.java
/app/src/test/java/com/yashmerino/ecommerce/services/UserServiceImplTest.java
/app/src/test/java/com/yashmerino/ecommerce/controllers/OrderControllerTest.java
/app/src/test/java/com/yashmerino/ecommerce/controllers/AuthControllerTest.java
/app/src/test/java/com/yashmerino/ecommerce/controllers/CategoriesControllerTest.java
/app/src/test/java/com/yashmerino/ecommerce/controllers/CartItemControllerTest.java
/app/src/test/java/com/yashmerino/ecommerce/controllers/PaymentControllerTest.java
/app/src/test/java/com/yashmerino/ecommerce/controllers/CartControllerTest.java
/app/src/test/java/com/yashmerino/ecommerce/security/CustomUserDetailsServiceTest.java
