/app/src/main/java/com/yashmerino/ecommerce/model/Notification.java
/app/src/main/java/com/yashmerino/ecommerce/service/InboxService.java
/app/src/main/java/com/yashmerino/ecommerce/service/NotificationSender.java
/app/src/main/java/com/yashmerino/ecommerce/service/impl/UserRegisteredTemplate.java
/app/src/main/java/com/yashmerino/ecommerce/config/JpaAuditingConfig.java
/app/src/main/java/com/yashmerino/ecommerce/kafka/events/NotificationRequestedEvent.java
/app/src/main/java/com/yashmerino/ecommerce/EcommerceNotificationApplication.java
/app/src/main/java/com/yashmerino/ecommerce/service/NotificationTemplate.java
/app/src/main/java/com/yashmerino/ecommerce/utils/ContactType.java
/app/src/main/java/com/yashmerino/ecommerce/kafka/NotificationEventListener.java
/app/src/main/java/com/yashmerino/ecommerce/repository/NotificationRepository.java
/app/src/main/java/com/yashmerino/ecommerce/utils/NotificationStatus.java
/app/src/main/java/com/yashmerino/ecommerce/service/impl/NotificationServiceImpl.java
/app/src/main/java/com/yashmerino/ecommerce/utils/NotificationType.java
/app/src/main/java/com/yashmerino/ecommerce/repository/ProcessedEventRepository.java
/app/src/main/java/com/yashmerino/ecommerce/service/NotificationSenderFactory.java
/app/src/main/java/com/yashmerino/ecommerce/model/NotificationContent.java
/app/src/main/java/com/yashmerino/ecommerce/service/impl/EmailNotificationSender.java
/app/src/main/java/com/yashmerino/ecommerce/config/NotificationTemplateConfig.java
/app/src/main/java/com/yashmerino/ecommerce/service/impl/PaymentFailedTemplate.java
/app/src/main/java/com/yashmerino/ecommerce/model/processed/ProcessedEvent.java
/app/src/main/java/com/yashmerino/ecommerce/service/NotificationService.java
/app/src/main/java/com/yashmerino/ecommerce/kafka/events/NotificationRequestedEventV2.java
/app/src/main/java/com/yashmerino/ecommerce/model/base/BaseEntity.java
/app/src/main/java/com/yashmerino/ecommerce/config/RetryConfig.java
/app/src/main/java/com/yashmerino/ecommerce/service/impl/PaymentSuccessTemplate.java
