/app/src/main/java/com/yashmerino/ecommerce/model/dto/SuccessDTO.java
/app/src/main/java/com/yashmerino/ecommerce/model/dto/CategoryDTO.java
/app/src/main/java/com/yashmerino/ecommerce/exceptions/CouldntUploadPhotoException.java
/app/src/main/java/com/yashmerino/ecommerce/services/CategoryServiceImpl.java
/app/src/main/java/com/yashmerino/ecommerce/model/dto/auth/UserInfoDTO.java
/app/src/main/java/com/yashmerino/ecommerce/config/RedisConfig.java
/app/src/main/java/com/yashmerino/ecommerce/model/dto/auth/LoginDTO.java
/app/src/main/java/com/yashmerino/ecommerce/kafka/NotificationEventProducer.java
/app/src/main/java/com/yashmerino/ecommerce/model/Order.java
/app/src/main/java/com/yashmerino/ecommerce/exceptions/UserDoesntExistException.java
/app/src/main/java/com/yashmerino/ecommerce/controllers/ProductController.java
/app/src/main/java/com/yashmerino/ecommerce/services/AuthServiceImpl.java
/app/src/main/java/com/yashmerino/ecommerce/security/JwtProvider.java
/app/src/main/java/com/yashmerino/ecommerce/services/interfaces/OrderService.java
/app/src/main/java/com/yashmerino/ecommerce/controllers/AuthController.java
/app/src/main/java/com/yashmerino/ecommerce/kafka/events/PaymentResultEvent.java
/app/src/main/java/com/yashmerino/ecommerce/model/User.java
/app/src/main/java/com/yashmerino/ecommerce/services/interfaces/CategoryService.java
/app/src/main/java/com/yashmerino/ecommerce/model/dto/auth/RegisterDTO.java
/app/src/main/java/com/yashmerino/ecommerce/kafka/PaymentEventProducer.java
/app/src/main/java/com/yashmerino/ecommerce/exceptions/CustomFieldError.java
/app/src/main/java/com/yashmerino/ecommerce/swagger/SwaggerConfig.java
/app/src/main/java/com/yashmerino/ecommerce/utils/RequestBodyToEntityConverter.java
/app/src/main/java/com/yashmerino/ecommerce/utils/NotificationType.java
/app/src/main/java/com/yashmerino/ecommerce/model/dto/OrderDTO.java
/app/src/main/java/com/yashmerino/ecommerce/exceptions/ApiExceptionHandler.java
/app/src/main/java/com/yashmerino/ecommerce/services/interfaces/CartItemService.java
/app/src/main/java/com/yashmerino/ecommerce/exceptions/CustomErrorResponse.java
/app/src/main/java/com/yashmerino/ecommerce/services/interfaces/CartService.java
/app/src/main/java/com/yashmerino/ecommerce/services/interfaces/PaymentService.java
/app/src/main/java/com/yashmerino/ecommerce/services/OrderServiceImpl.java
/app/src/main/java/com/yashmerino/ecommerce/exceptions/UsernameAlreadyTakenException.java
/app/src/main/java/com/yashmerino/ecommerce/model/Category.java
/app/src/main/java/com/yashmerino/ecommerce/model/CartItem.java
/app/src/main/java/com/yashmerino/ecommerce/model/dto/auth/AuthResponseDTO.java
/app/src/main/java/com/yashmerino/ecommerce/repositories/CartRepository.java
/app/src/main/java/com/yashmerino/ecommerce/repositories/RoleRepository.java
/app/src/main/java/com/yashmerino/ecommerce/repositories/UserRepository.java
/app/src/main/java/com/yashmerino/ecommerce/services/interfaces/AuthService.java
/app/src/main/java/com/yashmerino/ecommerce/kafka/events/PaymentRequestedEvent.java
/app/src/main/java/com/yashmerino/ecommerce/model/dto/OrderWithPaymentDTO.java
/app/src/main/java/com/yashmerino/ecommerce/config/JpaAuditingConfig.java
/app/src/main/java/com/yashmerino/ecommerce/exceptions/InvalidInputException.java
/app/src/main/java/com/yashmerino/ecommerce/services/UserServiceImpl.java
/app/src/main/java/com/yashmerino/ecommerce/utils/OrderStatus.java
/app/src/main/java/com/yashmerino/ecommerce/model/dto/PaymentDTO.java
/app/src/main/java/com/yashmerino/ecommerce/model/base/NamedEntity.java
/app/src/main/java/com/yashmerino/ecommerce/security/CustomUserDetailsService.java
/app/src/main/java/com/yashmerino/ecommerce/security/JwtAuthFilter.java
/app/src/main/java/com/yashmerino/ecommerce/utils/ApplicationProperties.java
/app/src/main/java/com/yashmerino/ecommerce/model/dto/SuccessWithIdDTO.java
/app/src/main/java/com/yashmerino/ecommerce/repositories/OrderRepository.java
/app/src/main/java/com/yashmerino/ecommerce/model/dto/auth/RefreshTokenDTO.java
/app/src/main/java/com/yashmerino/ecommerce/model/base/BaseEntity.java
/app/src/main/java/com/yashmerino/ecommerce/controllers/UserController.java
/app/src/main/java/com/yashmerino/ecommerce/model/RefreshToken.java
/app/src/main/java/com/yashmerino/ecommerce/utils/PaymentStatus.java
/app/src/main/java/com/yashmerino/ecommerce/swagger/SwaggerMessages.java
/app/src/main/java/com/yashmerino/ecommerce/swagger/SwaggerHttpStatus.java
/app/src/main/java/com/yashmerino/ecommerce/exceptions/FieldErrorResponse.java
/app/src/main/java/com/yashmerino/ecommerce/kafka/events/NotificationRequestedEvent.java
/app/src/main/java/com/yashmerino/ecommerce/model/Product.java
/app/src/main/java/com/yashmerino/ecommerce/exceptions/RefreshTokenRevokedException.java
/app/src/main/java/com/yashmerino/ecommerce/repositories/RefreshTokenRepository.java
/app/src/main/java/com/yashmerino/ecommerce/repositories/PaymentRepository.java
/app/src/main/java/com/yashmerino/ecommerce/utils/ContactType.java
/app/src/main/java/com/yashmerino/ecommerce/model/Role.java
/app/src/main/java/com/yashmerino/ecommerce/model/Cart.java
/app/src/main/java/com/yashmerino/ecommerce/services/PaymentServiceImpl.java
/app/src/main/java/com/yashmerino/ecommerce/services/RefreshTokenServiceImpl.java
/app/src/main/java/com/yashmerino/ecommerce/EcommerceServerApplication.java
/app/src/main/java/com/yashmerino/ecommerce/model/dto/CartItemDTO.java
/app/src/main/java/com/yashmerino/ecommerce/exceptions/RefreshTokenExpiredException.java
/app/src/main/java/com/yashmerino/ecommerce/controllers/PaymentController.java
/app/src/main/java/com/yashmerino/ecommerce/repositories/CartItemRepository.java
/app/src/main/java/com/yashmerino/ecommerce/services/ProductServiceImpl.java
/app/src/main/java/com/yashmerino/ecommerce/services/interfaces/RefreshTokenService.java
/app/src/main/java/com/yashmerino/ecommerce/services/CartItemServiceImpl.java
/app/src/main/java/com/yashmerino/ecommerce/model/dto/auth/UserDTO.java
/app/src/main/java/com/yashmerino/ecommerce/services/interfaces/UserService.java
/app/src/main/java/com/yashmerino/ecommerce/services/interfaces/ProductService.java
/app/src/main/java/com/yashmerino/ecommerce/kafka/PaymentEventListener.java
/app/src/main/java/com/yashmerino/ecommerce/repositories/ProductRepository.java
/app/src/main/java/com/yashmerino/ecommerce/model/dto/PaginatedDTO.java
/app/src/main/java/com/yashmerino/ecommerce/controllers/OrderController.java
/app/src/main/java/com/yashmerino/ecommerce/services/CartServiceImpl.java
/app/src/main/java/com/yashmerino/ecommerce/security/SecurityConstants.java
/app/src/main/java/com/yashmerino/ecommerce/model/Payment.java
/app/src/main/java/com/yashmerino/ecommerce/controllers/CategoryController.java
/app/src/main/java/com/yashmerino/ecommerce/security/SecurityConfig.java
/app/src/main/java/com/yashmerino/ecommerce/controllers/CartItemController.java
/app/src/main/java/com/yashmerino/ecommerce/controllers/CartController.java
/app/src/main/java/com/yashmerino/ecommerce/repositories/CategoryRepository.java
/app/src/main/java/com/yashmerino/ecommerce/utils/Role.java
/app/src/main/java/com/yashmerino/ecommerce/exceptions/EmailAlreadyTakenException.java
/app/src/main/java/com/yashmerino/ecommerce/security/JwtAuthEntryPoint.java
/app/src/main/java/com/yashmerino/ecommerce/model/dto/ProductDTO.java
